RAM Allocation [bytes]
Variable                                                                          Address   Size
------------------------------------------------------------------------------------------------
buff                                                                              0x0260      33
a                                                                                 0x0281       1
count_btn                                                                         0x0282       2
count_child_btn                                                                   0x0284       2
isChildSelect                                                                     0x0286       1
isTestTombol                                                                      0x0287       1
sen                                                                               0x0288       7
sensor                                                                            0x028F       2
error                                                                             0x0291       2
lastError                                                                         0x0293       2
kp                                                                                0x0295       2
kd                                                                                0x0297       2
SPEED                                                                             0x0299       2
MIN_SPEED                                                                         0x029B       2
MAX_SPEED                                                                         0x029D       2
count                                                                             0x029F       2
second                                                                            0x02A1       2
positionD                                                                         0x02A3       2
maxHijau                                                                          0x02A5       2
maxKuning                                                                         0x02A7       2
maxMerah                                                                          0x02A9       2
minHijau                                                                          0x02AB       2
minKuning                                                                         0x02AD       2
minMerah                                                                          0x02AF       2
isWarna                                                                           0x02B1       2
_seed (stdlib.lib)                                                                0x02B3       4
_base_y (lcd.lib)                                                                 0x02B7       4
_lcd_x                                                                            0x02BB       1
_lcd_y                                                                            0x02BC       1
_lcd_maxx                                                                         0x02BD       1

EEPROM Allocation [bytes]
Variable                                                                          Address   Size
------------------------------------------------------------------------------------------------
garis                                                                             0x0000      14
back                                                                              0x000E      14
tengah                                                                            0x001C      14
mapMirror                                                                         0x002A       2

Register Allocation
Variable                                                                          Register  Size
------------------------------------------------------------------------------------------------
hitung                                                                            R4,R5        2
nadc7                                                                             R6,R7        2
i                                                                                 R8,R9        2
k                                                                                 R10,R11      2
pos_servo1                                                                        R13          1
pos_servo2                                                                        R12          1

FLASH Allocation [words]
Function                                                                          Address   Size
------------------------------------------------------------------------------------------------
read_adc                                                                          0x00186     11
delay                                                                             0x00191      7
konvert_logic                                                                     0x00198     32
logika                                                                            0x001B8     42
cek_sensor                                                                        0x001E2      3
display_sensor                                                                    0x001E5     43
scan_garis                                                                        0x00210     32
scan_back                                                                         0x00230     32
hit_tengah                                                                        0x00250     71
maju                                                                              0x00297      7
mundur                                                                            0x0029E      7
kanan                                                                             0x002A5      7
kiri                                                                              0x002AC      7
setMotor                                                                          0x002B3     41
rem                                                                               0x002DC     13
maju_delay                                                                        0x002E9      9
pilihSpeed                                                                        0x002F2     53
parkir                                                                            0x00327      4
scan                                                                              0x0032B    219
scanX                                                                             0x00406     36
scanTimer                                                                         0x0042A     26
scanKotak                                                                         0x00444     34
belki                                                                             0x00466     32
belka                                                                             0x00486     32
belokKanan                                                                        0x004A6     11
belokKiri                                                                         0x004B1     12
ambil                                                                             0x004BD     11
taruh                                                                             0x004C8     14
bawah_lepas                                                                       0x004D6      5
bacawarna                                                                         0x004DB     27
checkWarna                                                                        0x004F6     66
fromBtoGreen                                                                      0x00538     26
fromBtoYellow                                                                     0x00552     52
fromBtoRed                                                                        0x00586     41
fromCtoGreen                                                                      0x005AF     65
fromCtoYellow                                                                     0x005F0     37
fromCtoRed                                                                        0x00615     48
fromAtoGreen                                                                      0x00645     15
fromAtoYellow                                                                     0x00654     13
fromAtoRed                                                                        0x00661     20
fromGreenAtoD                                                                     0x00675     69
fromYellowAtoD                                                                    0x006BA     88
fromRedAtoD                                                                       0x00712     86
vertikalLineD                                                                     0x00768     19
fromDto4                                                                          0x0077B     76
returnHome                                                                        0x007C7     51
Program_Jalan                                                                     0x007FA     77
changeMenu                                                                        0x00847    181
runBot                                                                            0x008FC     42
calibration                                                                       0x00926      9
map_select                                                                        0x0092F     25
test_motor                                                                        0x00948     47
test_tombol                                                                       0x00977     54
sens_warna                                                                        0x009AD     44
test_capit                                                                        0x009D9     50
display_map                                                                       0x00A0B     26
timer0_ovf_isr                                                                    0x00A25     30
timer0_comp_isr                                                                   0x00A43      1
main                                                                              0x00A44    169
put_buff_G100                                                                     0x00AED     58
_print_G100                                                                       0x00B27    316
sprintf                                                                           0x00C63     60
strlen                                                                            0x00C9F     12
strlenf                                                                           0x00CAB     13
abs                                                                               0x00CB8     10
_lcd_delay_G103                                                                   0x00CC2      4
_lcd_ready                                                                        0x00CC6     17
_lcd_write_nibble_G103                                                            0x00CD7     10
_lcd_write_data                                                                   0x00CE1     15
_lcd_read_nibble_G103                                                             0x00CF0      9
lcd_read_byte0_G103                                                               0x00CF9      9
lcd_gotoxy                                                                        0x00D02     20
lcd_clear                                                                         0x00D16     21
lcd_putchar                                                                       0x00D2B     39
lcd_puts                                                                          0x00D52     15
lcd_putsf                                                                         0x00D61     19
_long_delay_G103                                                                  0x00D74      5
_lcd_init_write_G103                                                              0x00D79     12
lcd_init                                                                          0x00D85     52
