RAM Allocation [bytes]
Variable                                                                          Address   Size
------------------------------------------------------------------------------------------------
buff                                                                              0x0260      33
a                                                                                 0x0281       1
count_btn                                                                         0x0282       2
count_child_btn                                                                   0x0284       2
isChildSelect                                                                     0x0286       1
isTestTombol                                                                      0x0287       1
sen                                                                               0x0288       7
sensor                                                                            0x028F       2
error                                                                             0x0291       2
lastError                                                                         0x0293       2
kp                                                                                0x0295       2
kd                                                                                0x0297       2
SPEED                                                                             0x0299       2
MIN_SPEED                                                                         0x029B       2
MAX_SPEED                                                                         0x029D       2
count                                                                             0x029F       2
second                                                                            0x02A1       2
positionD                                                                         0x02A3       2
mapMirror                                                                         0x02A5       2
maxHijau                                                                          0x02A7       2
maxKuning                                                                         0x02A9       2
maxMerah                                                                          0x02AB       2
minHijau                                                                          0x02AD       2
minKuning                                                                         0x02AF       2
minMerah                                                                          0x02B1       2
isWarna                                                                           0x02B3       2
_seed (stdlib.lib)                                                                0x02B5       4
_base_y (lcd.lib)                                                                 0x02B9       4
_lcd_x                                                                            0x02BD       1
_lcd_y                                                                            0x02BE       1
_lcd_maxx                                                                         0x02BF       1

EEPROM Allocation [bytes]
Variable                                                                          Address   Size
------------------------------------------------------------------------------------------------
garis                                                                             0x0000      14
back                                                                              0x000E      14
tengah                                                                            0x001C      14

Register Allocation
Variable                                                                          Register  Size
------------------------------------------------------------------------------------------------
hitung                                                                            R4,R5        2
nadc7                                                                             R6,R7        2
i                                                                                 R8,R9        2
k                                                                                 R10,R11      2
pos_servo1                                                                        R13          1
pos_servo2                                                                        R12          1

FLASH Allocation [words]
Function                                                                          Address   Size
------------------------------------------------------------------------------------------------
read_adc                                                                          0x0018F     11
delay                                                                             0x0019A      7
konvert_logic                                                                     0x001A1     32
logika                                                                            0x001C1     42
cek_sensor                                                                        0x001EB      3
display_sensor                                                                    0x001EE     43
scan_garis                                                                        0x00219     32
scan_back                                                                         0x00239     32
hit_tengah                                                                        0x00259     71
maju                                                                              0x002A0      7
mundur                                                                            0x002A7      7
kanan                                                                             0x002AE      7
kiri                                                                              0x002B5      7
setMotor                                                                          0x002BC     41
rem                                                                               0x002E5     13
maju_delay                                                                        0x002F2      9
pilihSpeed                                                                        0x002FB     53
parkir                                                                            0x00330      4
scan                                                                              0x00334    219
scanX                                                                             0x0040F     36
scanTimer                                                                         0x00433     26
scanKotak                                                                         0x0044D     34
belki                                                                             0x0046F     32
belka                                                                             0x0048F     32
belokKanan                                                                        0x004AF     11
belokKiri                                                                         0x004BA     12
ambil                                                                             0x004C6     11
taruh                                                                             0x004D1     14
bawah_lepas                                                                       0x004DF      5
bacawarna                                                                         0x004E4     27
checkWarna                                                                        0x004FF     66
fromBtoGreen                                                                      0x00541     26
fromBtoYellow                                                                     0x0055B     52
fromBtoRed                                                                        0x0058F     41
fromCtoGreen                                                                      0x005B8     65
fromCtoYellow                                                                     0x005F9     37
fromCtoRed                                                                        0x0061E     48
fromAtoGreen                                                                      0x0064E     15
fromAtoYellow                                                                     0x0065D     13
fromAtoRed                                                                        0x0066A     20
fromGreenAtoD                                                                     0x0067E     69
fromYellowAtoD                                                                    0x006C3     88
fromRedAtoD                                                                       0x0071B     86
vertikalLineD                                                                     0x00771     19
fromDto4                                                                          0x00784     76
returnHome                                                                        0x007D0     51
Program_Jalan                                                                     0x00803     77
changeMenu                                                                        0x00850    135
runBot                                                                            0x008D7     42
calibration                                                                       0x00901      9
test_motor                                                                        0x0090A     47
test_tombol                                                                       0x00939     54
sens_warna                                                                        0x0096F     43
test_capit                                                                        0x0099A     50
display_map                                                                       0x009CC     25
timer0_ovf_isr                                                                    0x009E5     30
timer0_comp_isr                                                                   0x00A03      1
main                                                                              0x00A04    166
put_buff_G100                                                                     0x00AAA     58
_print_G100                                                                       0x00AE4    316
sprintf                                                                           0x00C20     60
strlen                                                                            0x00C5C     12
strlenf                                                                           0x00C68     13
abs                                                                               0x00C75     10
_lcd_delay_G103                                                                   0x00C7F      4
_lcd_ready                                                                        0x00C83     17
_lcd_write_nibble_G103                                                            0x00C94     10
_lcd_write_data                                                                   0x00C9E     15
_lcd_read_nibble_G103                                                             0x00CAD      9
lcd_read_byte0_G103                                                               0x00CB6      9
lcd_gotoxy                                                                        0x00CBF     20
lcd_clear                                                                         0x00CD3     21
lcd_putchar                                                                       0x00CE8     39
lcd_puts                                                                          0x00D0F     15
lcd_putsf                                                                         0x00D1E     19
_long_delay_G103                                                                  0x00D31      5
_lcd_init_write_G103                                                              0x00D36     12
lcd_init                                                                          0x00D42     52
