RAM Allocation [bytes]
Variable                                                                          Address   Size
------------------------------------------------------------------------------------------------
buff                                                                              0x0260      33
k                                                                                 0x0281       2
pos_servo1                                                                        0x0283       1
pos_servo2                                                                        0x0284       1
pos_gulung                                                                        0x0285       1
a                                                                                 0x0286       1
count_btn                                                                         0x0287       2
count_child_btn                                                                   0x0289       2
isChildSelect                                                                     0x028B       1
isTestTombol                                                                      0x028C       1
positionD                                                                         0x028D       2
sen                                                                               0x028F       7
sensor                                                                            0x0296       2
error                                                                             0x0298       2
lastError                                                                         0x029A       2
kp                                                                                0x029C       2
kd                                                                                0x029E       2
SPEED                                                                             0x02A0       2
MIN_SPEED                                                                         0x02A2       2
MAX_SPEED                                                                         0x02A4       2
count                                                                             0x02A6       2
second                                                                            0x02A8       2
maxHijau                                                                          0x02AA       2
maxKuning                                                                         0x02AC       2
maxMerah                                                                          0x02AE       2
minHijau                                                                          0x02B0       2
minKuning                                                                         0x02B2       2
minMerah                                                                          0x02B4       2
isWarna                                                                           0x02B6       2
_seed (stdlib.lib)                                                                0x02B8       4
_base_y (lcd.lib)                                                                 0x02BC       4
_lcd_x                                                                            0x02C0       1
_lcd_y                                                                            0x02C1       1
_lcd_maxx                                                                         0x02C2       1

EEPROM Allocation [bytes]
Variable                                                                          Address   Size
------------------------------------------------------------------------------------------------
garis                                                                             0x0000      14
back                                                                              0x000E      14
tengah                                                                            0x001C      14
mapMirror                                                                         0x002A       2

Register Allocation
Variable                                                                          Register  Size
------------------------------------------------------------------------------------------------
hitung                                                                            R4,R5        2
mulai                                                                             R6,R7        2
nadc7                                                                             R8,R9        2
nilai_warna                                                                       R10,R11      2
i                                                                                 R12,R13      2
x                                                                                 R2.0      1bit
kondisi                                                                           R2.1      1bit

FLASH Allocation [words]
Function                                                                          Address   Size
------------------------------------------------------------------------------------------------
read_adc                                                                          0x00165     11
delay                                                                             0x00170      7
konvert_logic                                                                     0x00177     32
logika                                                                            0x00197     42
cek_sensor                                                                        0x001C1      3
display_sensor                                                                    0x001C4     43
scan_garis                                                                        0x001EF     32
scan_back                                                                         0x0020F     32
hit_tengah                                                                        0x0022F     75
maju                                                                              0x0027A      7
mundur                                                                            0x00281      7
kanan                                                                             0x00288      7
kiri                                                                              0x0028F      7
setMotor                                                                          0x00296     41
rem                                                                               0x002BF     13
maju_delay                                                                        0x002CC      9
pilihSpeed                                                                        0x002D5     53
parkir                                                                            0x0030A      5
scan                                                                              0x0030F    219
scanX                                                                             0x003EA     36
scanTimer                                                                         0x0040E     29
belki                                                                             0x0042B     32
belka                                                                             0x0044B     32
belokKanan                                                                        0x0046B     11
belokKiri                                                                         0x00476     12
ambil                                                                             0x00482     13
taruh                                                                             0x0048F     17
bawah_lepas                                                                       0x004A0      7
bacawarna                                                                         0x004A7     27
checkWarna                                                                        0x004C2     66
fromBtoGreen                                                                      0x00504     25
fromBtoYellow                                                                     0x0051D     33
fromBtoRed                                                                        0x0053E     28
fromCtoGreen                                                                      0x0055A     44
fromCtoYellow                                                                     0x00586     39
fromCtoRed                                                                        0x005AD     40
fromAtoGreen                                                                      0x005D5     13
fromAtoYellow                                                                     0x005E2     12
fromAtoRed                                                                        0x005EE     17
fromGreenAtoD                                                                     0x005FF     69
fromYellowAtoD                                                                    0x00644     69
fromRedAtoD                                                                       0x00689     74
vertikalLineD                                                                     0x006D3     18
fromDto4                                                                          0x006E5     86
returnHome                                                                        0x0073B     31
Program_Jalan                                                                     0x0075A     79
changeMenu                                                                        0x007A9    141
runBot                                                                            0x00836     40
calibration                                                                       0x0085E     10
map_select                                                                        0x00868     75
test_motor                                                                        0x008B3     46
test_tombol                                                                       0x008E1     59
tepuk_tangan                                                                      0x0091C     38
timer0_ovf_isr                                                                    0x00942     43
timer0_comp_isr                                                                   0x0096D      1
main                                                                              0x0096E    177
put_buff_G100                                                                     0x00A1F     58
_print_G100                                                                       0x00A59    316
sprintf                                                                           0x00B95     60
strlen                                                                            0x00BD1     12
strlenf                                                                           0x00BDD     13
abs                                                                               0x00BEA     10
_lcd_delay_G103                                                                   0x00BF4      4
_lcd_ready                                                                        0x00BF8     17
_lcd_write_nibble_G103                                                            0x00C09     10
_lcd_write_data                                                                   0x00C13     15
_lcd_read_nibble_G103                                                             0x00C22      9
lcd_read_byte0_G103                                                               0x00C2B      9
lcd_gotoxy                                                                        0x00C34     20
lcd_clear                                                                         0x00C48     21
lcd_putchar                                                                       0x00C5D     39
lcd_puts                                                                          0x00C84     15
lcd_putsf                                                                         0x00C93     19
_long_delay_G103                                                                  0x00CA6      5
_lcd_init_write_G103                                                              0x00CAB     12
lcd_init                                                                          0x00CB7     52
